[0.158s] DEBUG:colcon:Command line arguments: ['/home/bach/ENTER/envs/ros2-torch/bin/colcon', 'build', '--packages-select', 'rl_planner']
[0.158s] DEBUG:colcon:Parsed command line arguments: Namespace(log_base=None, log_level=None, verb_name='build', build_base='build', install_base='install', merge_install=False, symlink_install=False, test_result_base=None, continue_on_error=False, executor='parallel', parallel_workers=8, event_handlers=None, ignore_user_meta=False, metas=['./colcon.meta'], base_paths=['.'], packages_ignore=None, packages_ignore_regex=None, paths=None, packages_up_to=None, packages_up_to_regex=None, packages_above=None, packages_above_and_dependencies=None, packages_above_depth=None, packages_select_by_dep=None, packages_skip_by_dep=None, packages_skip_up_to=None, packages_select_build_failed=False, packages_skip_build_finished=False, packages_select_test_failures=False, packages_skip_test_passed=False, packages_select=['rl_planner'], packages_skip=None, packages_select_regex=None, packages_skip_regex=None, packages_start=None, packages_end=None, cmake_args=None, cmake_target=None, cmake_target_skip_unavailable=False, cmake_clean_cache=False, cmake_clean_first=False, cmake_force_configure=False, ament_cmake_args=None, catkin_cmake_args=None, catkin_skip_building_tests=False, verb_parser=<colcon_defaults.argument_parser.defaults.DefaultArgumentsDecorator object at 0x7daf18929f90>, verb_extension=<colcon_core.verb.build.BuildVerb object at 0x7daf189299c0>, main=<bound method BuildVerb.main of <colcon_core.verb.build.BuildVerb object at 0x7daf189299c0>>)
[0.209s] Level 1:colcon.colcon_core.package_discovery:discover_packages(colcon_meta) check parameters
[0.209s] Level 1:colcon.colcon_core.package_discovery:discover_packages(recursive) check parameters
[0.209s] Level 1:colcon.colcon_core.package_discovery:discover_packages(ignore) check parameters
[0.209s] Level 1:colcon.colcon_core.package_discovery:discover_packages(path) check parameters
[0.209s] Level 1:colcon.colcon_core.package_discovery:discover_packages(colcon_meta) discover
[0.210s] Level 1:colcon.colcon_core.package_discovery:discover_packages(recursive) discover
[0.210s] INFO:colcon.colcon_core.package_discovery:Crawling recursively for packages in '/media/bach/bach/nav_expl/CogniPlan_humble'
[0.210s] Level 1:colcon.colcon_core.package_identification:_identify(.) by extensions ['ignore', 'ignore_ament_install']
[0.210s] Level 1:colcon.colcon_core.package_identification:_identify(.) by extension 'ignore'
[0.210s] Level 1:colcon.colcon_core.package_identification:_identify(.) by extension 'ignore_ament_install'
[0.210s] Level 1:colcon.colcon_core.package_identification:_identify(.) by extensions ['colcon_pkg']
[0.210s] Level 1:colcon.colcon_core.package_identification:_identify(.) by extension 'colcon_pkg'
[0.210s] Level 1:colcon.colcon_core.package_identification:_identify(.) by extensions ['colcon_meta']
[0.211s] Level 1:colcon.colcon_core.package_identification:_identify(.) by extension 'colcon_meta'
[0.211s] Level 1:colcon.colcon_core.package_identification:_identify(.) by extensions ['ros']
[0.211s] Level 1:colcon.colcon_core.package_identification:_identify(.) by extension 'ros'
[0.244s] Level 1:colcon.colcon_core.package_identification:_identify(.) by extensions ['cmake', 'python']
[0.245s] Level 1:colcon.colcon_core.package_identification:_identify(.) by extension 'cmake'
[0.245s] Level 1:colcon.colcon_core.package_identification:_identify(.) by extension 'python'
[0.245s] Level 1:colcon.colcon_core.package_identification:_identify(.) by extensions ['python_setup_py']
[0.245s] Level 1:colcon.colcon_core.package_identification:_identify(.) by extension 'python_setup_py'
[0.245s] Level 1:colcon.colcon_core.package_identification:_identify(autonomous_exploration_development_environment) by extensions ['ignore', 'ignore_ament_install']
[0.245s] Level 1:colcon.colcon_core.package_identification:_identify(autonomous_exploration_development_environment) by extension 'ignore'
[0.245s] Level 1:colcon.colcon_core.package_identification:_identify(autonomous_exploration_development_environment) by extension 'ignore_ament_install'
[0.245s] Level 1:colcon.colcon_core.package_identification:_identify(autonomous_exploration_development_environment) by extensions ['colcon_pkg']
[0.246s] Level 1:colcon.colcon_core.package_identification:_identify(autonomous_exploration_development_environment) by extension 'colcon_pkg'
[0.246s] Level 1:colcon.colcon_core.package_identification:_identify(autonomous_exploration_development_environment) by extensions ['colcon_meta']
[0.246s] Level 1:colcon.colcon_core.package_identification:_identify(autonomous_exploration_development_environment) by extension 'colcon_meta'
[0.246s] Level 1:colcon.colcon_core.package_identification:_identify(autonomous_exploration_development_environment) by extensions ['ros']
[0.246s] Level 1:colcon.colcon_core.package_identification:_identify(autonomous_exploration_development_environment) by extension 'ros'
[0.246s] Level 1:colcon.colcon_core.package_identification:_identify(autonomous_exploration_development_environment) by extensions ['cmake', 'python']
[0.247s] Level 1:colcon.colcon_core.package_identification:_identify(autonomous_exploration_development_environment) by extension 'cmake'
[0.247s] Level 1:colcon.colcon_core.package_identification:_identify(autonomous_exploration_development_environment) by extension 'python'
[0.247s] Level 1:colcon.colcon_core.package_identification:_identify(autonomous_exploration_development_environment) by extensions ['python_setup_py']
[0.247s] Level 1:colcon.colcon_core.package_identification:_identify(autonomous_exploration_development_environment) by extension 'python_setup_py'
[0.247s] Level 1:colcon.colcon_core.package_identification:_identify(autonomous_exploration_development_environment/build) by extensions ['ignore', 'ignore_ament_install']
[0.247s] Level 1:colcon.colcon_core.package_identification:_identify(autonomous_exploration_development_environment/build) by extension 'ignore'
[0.247s] Level 1:colcon.colcon_core.package_identification:_identify(autonomous_exploration_development_environment/build) ignored
[0.248s] Level 1:colcon.colcon_core.package_identification:_identify(autonomous_exploration_development_environment/img) by extensions ['ignore', 'ignore_ament_install']
[0.248s] Level 1:colcon.colcon_core.package_identification:_identify(autonomous_exploration_development_environment/img) by extension 'ignore'
[0.248s] Level 1:colcon.colcon_core.package_identification:_identify(autonomous_exploration_development_environment/img) by extension 'ignore_ament_install'
[0.248s] Level 1:colcon.colcon_core.package_identification:_identify(autonomous_exploration_development_environment/img) by extensions ['colcon_pkg']
[0.248s] Level 1:colcon.colcon_core.package_identification:_identify(autonomous_exploration_development_environment/img) by extension 'colcon_pkg'
[0.248s] Level 1:colcon.colcon_core.package_identification:_identify(autonomous_exploration_development_environment/img) by extensions ['colcon_meta']
[0.248s] Level 1:colcon.colcon_core.package_identification:_identify(autonomous_exploration_development_environment/img) by extension 'colcon_meta'
[0.248s] Level 1:colcon.colcon_core.package_identification:_identify(autonomous_exploration_development_environment/img) by extensions ['ros']
[0.249s] Level 1:colcon.colcon_core.package_identification:_identify(autonomous_exploration_development_environment/img) by extension 'ros'
[0.249s] Level 1:colcon.colcon_core.package_identification:_identify(autonomous_exploration_development_environment/img) by extensions ['cmake', 'python']
[0.249s] Level 1:colcon.colcon_core.package_identification:_identify(autonomous_exploration_development_environment/img) by extension 'cmake'
[0.249s] Level 1:colcon.colcon_core.package_identification:_identify(autonomous_exploration_development_environment/img) by extension 'python'
[0.249s] Level 1:colcon.colcon_core.package_identification:_identify(autonomous_exploration_development_environment/img) by extensions ['python_setup_py']
[0.249s] Level 1:colcon.colcon_core.package_identification:_identify(autonomous_exploration_development_environment/img) by extension 'python_setup_py'
[0.249s] Level 1:colcon.colcon_core.package_identification:_identify(autonomous_exploration_development_environment/install) by extensions ['ignore', 'ignore_ament_install']
[0.250s] Level 1:colcon.colcon_core.package_identification:_identify(autonomous_exploration_development_environment/install) by extension 'ignore'
[0.250s] Level 1:colcon.colcon_core.package_identification:_identify(autonomous_exploration_development_environment/install) ignored
[0.250s] Level 1:colcon.colcon_core.package_identification:_identify(autonomous_exploration_development_environment/log) by extensions ['ignore', 'ignore_ament_install']
[0.250s] Level 1:colcon.colcon_core.package_identification:_identify(autonomous_exploration_development_environment/log) by extension 'ignore'
[0.250s] Level 1:colcon.colcon_core.package_identification:_identify(autonomous_exploration_development_environment/log) ignored
[0.252s] Level 1:colcon.colcon_core.package_identification:_identify(autonomous_exploration_development_environment/src) by extensions ['ignore', 'ignore_ament_install']
[0.252s] Level 1:colcon.colcon_core.package_identification:_identify(autonomous_exploration_development_environment/src) by extension 'ignore'
[0.252s] Level 1:colcon.colcon_core.package_identification:_identify(autonomous_exploration_development_environment/src) by extension 'ignore_ament_install'
[0.253s] Level 1:colcon.colcon_core.package_identification:_identify(autonomous_exploration_development_environment/src) by extensions ['colcon_pkg']
[0.253s] Level 1:colcon.colcon_core.package_identification:_identify(autonomous_exploration_development_environment/src) by extension 'colcon_pkg'
[0.253s] Level 1:colcon.colcon_core.package_identification:_identify(autonomous_exploration_development_environment/src) by extensions ['colcon_meta']
[0.253s] Level 1:colcon.colcon_core.package_identification:_identify(autonomous_exploration_development_environment/src) by extension 'colcon_meta'
[0.253s] Level 1:colcon.colcon_core.package_identification:_identify(autonomous_exploration_development_environment/src) by extensions ['ros']
[0.253s] Level 1:colcon.colcon_core.package_identification:_identify(autonomous_exploration_development_environment/src) by extension 'ros'
[0.254s] Level 1:colcon.colcon_core.package_identification:_identify(autonomous_exploration_development_environment/src) by extensions ['cmake', 'python']
[0.254s] Level 1:colcon.colcon_core.package_identification:_identify(autonomous_exploration_development_environment/src) by extension 'cmake'
[0.254s] Level 1:colcon.colcon_core.package_identification:_identify(autonomous_exploration_development_environment/src) by extension 'python'
[0.254s] Level 1:colcon.colcon_core.package_identification:_identify(autonomous_exploration_development_environment/src) by extensions ['python_setup_py']
[0.254s] Level 1:colcon.colcon_core.package_identification:_identify(autonomous_exploration_development_environment/src) by extension 'python_setup_py'
[0.254s] Level 1:colcon.colcon_core.package_identification:_identify(autonomous_exploration_development_environment/src/loam_interface) by extensions ['ignore', 'ignore_ament_install']
[0.254s] Level 1:colcon.colcon_core.package_identification:_identify(autonomous_exploration_development_environment/src/loam_interface) by extension 'ignore'
[0.254s] Level 1:colcon.colcon_core.package_identification:_identify(autonomous_exploration_development_environment/src/loam_interface) by extension 'ignore_ament_install'
[0.255s] Level 1:colcon.colcon_core.package_identification:_identify(autonomous_exploration_development_environment/src/loam_interface) by extensions ['colcon_pkg']
[0.255s] Level 1:colcon.colcon_core.package_identification:_identify(autonomous_exploration_development_environment/src/loam_interface) by extension 'colcon_pkg'
[0.255s] Level 1:colcon.colcon_core.package_identification:_identify(autonomous_exploration_development_environment/src/loam_interface) by extensions ['colcon_meta']
[0.255s] Level 1:colcon.colcon_core.package_identification:_identify(autonomous_exploration_development_environment/src/loam_interface) by extension 'colcon_meta'
[0.255s] Level 1:colcon.colcon_core.package_identification:_identify(autonomous_exploration_development_environment/src/loam_interface) by extensions ['ros']
[0.255s] Level 1:colcon.colcon_core.package_identification:_identify(autonomous_exploration_development_environment/src/loam_interface) by extension 'ros'
[0.259s] DEBUG:colcon.colcon_core.package_identification:Package 'autonomous_exploration_development_environment/src/loam_interface' with type 'ros.ament_cmake' and name 'loam_interface'
[0.260s] Level 1:colcon.colcon_core.package_identification:_identify(autonomous_exploration_development_environment/src/local_planner) by extensions ['ignore', 'ignore_ament_install']
[0.260s] Level 1:colcon.colcon_core.package_identification:_identify(autonomous_exploration_development_environment/src/local_planner) by extension 'ignore'
[0.261s] Level 1:colcon.colcon_core.package_identification:_identify(autonomous_exploration_development_environment/src/local_planner) by extension 'ignore_ament_install'
[0.262s] Level 1:colcon.colcon_core.package_identification:_identify(autonomous_exploration_development_environment/src/local_planner) by extensions ['colcon_pkg']
[0.262s] Level 1:colcon.colcon_core.package_identification:_identify(autonomous_exploration_development_environment/src/local_planner) by extension 'colcon_pkg'
[0.262s] Level 1:colcon.colcon_core.package_identification:_identify(autonomous_exploration_development_environment/src/local_planner) by extensions ['colcon_meta']
[0.262s] Level 1:colcon.colcon_core.package_identification:_identify(autonomous_exploration_development_environment/src/local_planner) by extension 'colcon_meta'
[0.262s] Level 1:colcon.colcon_core.package_identification:_identify(autonomous_exploration_development_environment/src/local_planner) by extensions ['ros']
[0.262s] Level 1:colcon.colcon_core.package_identification:_identify(autonomous_exploration_development_environment/src/local_planner) by extension 'ros'
[0.265s] DEBUG:colcon.colcon_core.package_identification:Package 'autonomous_exploration_development_environment/src/local_planner' with type 'ros.ament_cmake' and name 'local_planner'
[0.265s] Level 1:colcon.colcon_core.package_identification:_identify(autonomous_exploration_development_environment/src/sensor_scan_generation) by extensions ['ignore', 'ignore_ament_install']
[0.265s] Level 1:colcon.colcon_core.package_identification:_identify(autonomous_exploration_development_environment/src/sensor_scan_generation) by extension 'ignore'
[0.265s] Level 1:colcon.colcon_core.package_identification:_identify(autonomous_exploration_development_environment/src/sensor_scan_generation) by extension 'ignore_ament_install'
[0.266s] Level 1:colcon.colcon_core.package_identification:_identify(autonomous_exploration_development_environment/src/sensor_scan_generation) by extensions ['colcon_pkg']
[0.266s] Level 1:colcon.colcon_core.package_identification:_identify(autonomous_exploration_development_environment/src/sensor_scan_generation) by extension 'colcon_pkg'
[0.266s] Level 1:colcon.colcon_core.package_identification:_identify(autonomous_exploration_development_environment/src/sensor_scan_generation) by extensions ['colcon_meta']
[0.266s] Level 1:colcon.colcon_core.package_identification:_identify(autonomous_exploration_development_environment/src/sensor_scan_generation) by extension 'colcon_meta'
[0.266s] Level 1:colcon.colcon_core.package_identification:_identify(autonomous_exploration_development_environment/src/sensor_scan_generation) by extensions ['ros']
[0.266s] Level 1:colcon.colcon_core.package_identification:_identify(autonomous_exploration_development_environment/src/sensor_scan_generation) by extension 'ros'
[0.268s] DEBUG:colcon.colcon_core.package_identification:Package 'autonomous_exploration_development_environment/src/sensor_scan_generation' with type 'ros.ament_cmake' and name 'sensor_scan_generation'
[0.269s] Level 1:colcon.colcon_core.package_identification:_identify(autonomous_exploration_development_environment/src/terrain_analysis) by extensions ['ignore', 'ignore_ament_install']
[0.269s] Level 1:colcon.colcon_core.package_identification:_identify(autonomous_exploration_development_environment/src/terrain_analysis) by extension 'ignore'
[0.269s] Level 1:colcon.colcon_core.package_identification:_identify(autonomous_exploration_development_environment/src/terrain_analysis) by extension 'ignore_ament_install'
[0.269s] Level 1:colcon.colcon_core.package_identification:_identify(autonomous_exploration_development_environment/src/terrain_analysis) by extensions ['colcon_pkg']
[0.269s] Level 1:colcon.colcon_core.package_identification:_identify(autonomous_exploration_development_environment/src/terrain_analysis) by extension 'colcon_pkg'
[0.269s] Level 1:colcon.colcon_core.package_identification:_identify(autonomous_exploration_development_environment/src/terrain_analysis) by extensions ['colcon_meta']
[0.269s] Level 1:colcon.colcon_core.package_identification:_identify(autonomous_exploration_development_environment/src/terrain_analysis) by extension 'colcon_meta'
[0.270s] Level 1:colcon.colcon_core.package_identification:_identify(autonomous_exploration_development_environment/src/terrain_analysis) by extensions ['ros']
[0.270s] Level 1:colcon.colcon_core.package_identification:_identify(autonomous_exploration_development_environment/src/terrain_analysis) by extension 'ros'
[0.272s] DEBUG:colcon.colcon_core.package_identification:Package 'autonomous_exploration_development_environment/src/terrain_analysis' with type 'ros.ament_cmake' and name 'terrain_analysis'
[0.273s] Level 1:colcon.colcon_core.package_identification:_identify(autonomous_exploration_development_environment/src/terrain_analysis_ext) by extensions ['ignore', 'ignore_ament_install']
[0.273s] Level 1:colcon.colcon_core.package_identification:_identify(autonomous_exploration_development_environment/src/terrain_analysis_ext) by extension 'ignore'
[0.273s] Level 1:colcon.colcon_core.package_identification:_identify(autonomous_exploration_development_environment/src/terrain_analysis_ext) by extension 'ignore_ament_install'
[0.273s] Level 1:colcon.colcon_core.package_identification:_identify(autonomous_exploration_development_environment/src/terrain_analysis_ext) by extensions ['colcon_pkg']
[0.274s] Level 1:colcon.colcon_core.package_identification:_identify(autonomous_exploration_development_environment/src/terrain_analysis_ext) by extension 'colcon_pkg'
[0.274s] Level 1:colcon.colcon_core.package_identification:_identify(autonomous_exploration_development_environment/src/terrain_analysis_ext) by extensions ['colcon_meta']
[0.274s] Level 1:colcon.colcon_core.package_identification:_identify(autonomous_exploration_development_environment/src/terrain_analysis_ext) by extension 'colcon_meta'
[0.274s] Level 1:colcon.colcon_core.package_identification:_identify(autonomous_exploration_development_environment/src/terrain_analysis_ext) by extensions ['ros']
[0.274s] Level 1:colcon.colcon_core.package_identification:_identify(autonomous_exploration_development_environment/src/terrain_analysis_ext) by extension 'ros'
[0.276s] DEBUG:colcon.colcon_core.package_identification:Package 'autonomous_exploration_development_environment/src/terrain_analysis_ext' with type 'ros.ament_cmake' and name 'terrain_analysis_ext'
[0.277s] Level 1:colcon.colcon_core.package_identification:_identify(autonomous_exploration_development_environment/src/vehicle_simulator) by extensions ['ignore', 'ignore_ament_install']
[0.277s] Level 1:colcon.colcon_core.package_identification:_identify(autonomous_exploration_development_environment/src/vehicle_simulator) by extension 'ignore'
[0.277s] Level 1:colcon.colcon_core.package_identification:_identify(autonomous_exploration_development_environment/src/vehicle_simulator) by extension 'ignore_ament_install'
[0.277s] Level 1:colcon.colcon_core.package_identification:_identify(autonomous_exploration_development_environment/src/vehicle_simulator) by extensions ['colcon_pkg']
[0.277s] Level 1:colcon.colcon_core.package_identification:_identify(autonomous_exploration_development_environment/src/vehicle_simulator) by extension 'colcon_pkg'
[0.277s] Level 1:colcon.colcon_core.package_identification:_identify(autonomous_exploration_development_environment/src/vehicle_simulator) by extensions ['colcon_meta']
[0.277s] Level 1:colcon.colcon_core.package_identification:_identify(autonomous_exploration_development_environment/src/vehicle_simulator) by extension 'colcon_meta'
[0.278s] Level 1:colcon.colcon_core.package_identification:_identify(autonomous_exploration_development_environment/src/vehicle_simulator) by extensions ['ros']
[0.278s] Level 1:colcon.colcon_core.package_identification:_identify(autonomous_exploration_development_environment/src/vehicle_simulator) by extension 'ros'
[0.280s] DEBUG:colcon.colcon_core.package_identification:Package 'autonomous_exploration_development_environment/src/vehicle_simulator' with type 'ros.ament_cmake' and name 'vehicle_simulator'
[0.281s] Level 1:colcon.colcon_core.package_identification:_identify(autonomous_exploration_development_environment/src/velodyne_simulator) by extensions ['ignore', 'ignore_ament_install']
[0.281s] Level 1:colcon.colcon_core.package_identification:_identify(autonomous_exploration_development_environment/src/velodyne_simulator) by extension 'ignore'
[0.281s] Level 1:colcon.colcon_core.package_identification:_identify(autonomous_exploration_development_environment/src/velodyne_simulator) by extension 'ignore_ament_install'
[0.281s] Level 1:colcon.colcon_core.package_identification:_identify(autonomous_exploration_development_environment/src/velodyne_simulator) by extensions ['colcon_pkg']
[0.281s] Level 1:colcon.colcon_core.package_identification:_identify(autonomous_exploration_development_environment/src/velodyne_simulator) by extension 'colcon_pkg'
[0.281s] Level 1:colcon.colcon_core.package_identification:_identify(autonomous_exploration_development_environment/src/velodyne_simulator) by extensions ['colcon_meta']
[0.282s] Level 1:colcon.colcon_core.package_identification:_identify(autonomous_exploration_development_environment/src/velodyne_simulator) by extension 'colcon_meta'
[0.282s] Level 1:colcon.colcon_core.package_identification:_identify(autonomous_exploration_development_environment/src/velodyne_simulator) by extensions ['ros']
[0.282s] Level 1:colcon.colcon_core.package_identification:_identify(autonomous_exploration_development_environment/src/velodyne_simulator) by extension 'ros'
[0.282s] Level 1:colcon.colcon_core.package_identification:_identify(autonomous_exploration_development_environment/src/velodyne_simulator) by extensions ['cmake', 'python']
[0.282s] Level 1:colcon.colcon_core.package_identification:_identify(autonomous_exploration_development_environment/src/velodyne_simulator) by extension 'cmake'
[0.282s] Level 1:colcon.colcon_core.package_identification:_identify(autonomous_exploration_development_environment/src/velodyne_simulator) by extension 'python'
[0.283s] Level 1:colcon.colcon_core.package_identification:_identify(autonomous_exploration_development_environment/src/velodyne_simulator) by extensions ['python_setup_py']
[0.283s] Level 1:colcon.colcon_core.package_identification:_identify(autonomous_exploration_development_environment/src/velodyne_simulator) by extension 'python_setup_py'
[0.283s] Level 1:colcon.colcon_core.package_identification:_identify(autonomous_exploration_development_environment/src/velodyne_simulator/velodyne_description) by extensions ['ignore', 'ignore_ament_install']
[0.283s] Level 1:colcon.colcon_core.package_identification:_identify(autonomous_exploration_development_environment/src/velodyne_simulator/velodyne_description) by extension 'ignore'
[0.283s] Level 1:colcon.colcon_core.package_identification:_identify(autonomous_exploration_development_environment/src/velodyne_simulator/velodyne_description) by extension 'ignore_ament_install'
[0.284s] Level 1:colcon.colcon_core.package_identification:_identify(autonomous_exploration_development_environment/src/velodyne_simulator/velodyne_description) by extensions ['colcon_pkg']
[0.284s] Level 1:colcon.colcon_core.package_identification:_identify(autonomous_exploration_development_environment/src/velodyne_simulator/velodyne_description) by extension 'colcon_pkg'
[0.284s] Level 1:colcon.colcon_core.package_identification:_identify(autonomous_exploration_development_environment/src/velodyne_simulator/velodyne_description) by extensions ['colcon_meta']
[0.284s] Level 1:colcon.colcon_core.package_identification:_identify(autonomous_exploration_development_environment/src/velodyne_simulator/velodyne_description) by extension 'colcon_meta'
[0.284s] Level 1:colcon.colcon_core.package_identification:_identify(autonomous_exploration_development_environment/src/velodyne_simulator/velodyne_description) by extensions ['ros']
[0.284s] Level 1:colcon.colcon_core.package_identification:_identify(autonomous_exploration_development_environment/src/velodyne_simulator/velodyne_description) by extension 'ros'
[0.286s] DEBUG:colcon.colcon_core.package_identification:Package 'autonomous_exploration_development_environment/src/velodyne_simulator/velodyne_description' with type 'ros.ament_cmake' and name 'velodyne_description'
[0.287s] Level 1:colcon.colcon_core.package_identification:_identify(autonomous_exploration_development_environment/src/velodyne_simulator/velodyne_gazebo_plugins) by extensions ['ignore', 'ignore_ament_install']
[0.287s] Level 1:colcon.colcon_core.package_identification:_identify(autonomous_exploration_development_environment/src/velodyne_simulator/velodyne_gazebo_plugins) by extension 'ignore'
[0.288s] Level 1:colcon.colcon_core.package_identification:_identify(autonomous_exploration_development_environment/src/velodyne_simulator/velodyne_gazebo_plugins) by extension 'ignore_ament_install'
[0.288s] Level 1:colcon.colcon_core.package_identification:_identify(autonomous_exploration_development_environment/src/velodyne_simulator/velodyne_gazebo_plugins) by extensions ['colcon_pkg']
[0.288s] Level 1:colcon.colcon_core.package_identification:_identify(autonomous_exploration_development_environment/src/velodyne_simulator/velodyne_gazebo_plugins) by extension 'colcon_pkg'
[0.288s] Level 1:colcon.colcon_core.package_identification:_identify(autonomous_exploration_development_environment/src/velodyne_simulator/velodyne_gazebo_plugins) by extensions ['colcon_meta']
[0.288s] Level 1:colcon.colcon_core.package_identification:_identify(autonomous_exploration_development_environment/src/velodyne_simulator/velodyne_gazebo_plugins) by extension 'colcon_meta'
[0.288s] Level 1:colcon.colcon_core.package_identification:_identify(autonomous_exploration_development_environment/src/velodyne_simulator/velodyne_gazebo_plugins) by extensions ['ros']
[0.288s] Level 1:colcon.colcon_core.package_identification:_identify(autonomous_exploration_development_environment/src/velodyne_simulator/velodyne_gazebo_plugins) by extension 'ros'
[0.290s] DEBUG:colcon.colcon_core.package_identification:Package 'autonomous_exploration_development_environment/src/velodyne_simulator/velodyne_gazebo_plugins' with type 'ros.ament_cmake' and name 'velodyne_gazebo_plugins'
[0.291s] Level 1:colcon.colcon_core.package_identification:_identify(autonomous_exploration_development_environment/src/velodyne_simulator/velodyne_simulator) by extensions ['ignore', 'ignore_ament_install']
[0.291s] Level 1:colcon.colcon_core.package_identification:_identify(autonomous_exploration_development_environment/src/velodyne_simulator/velodyne_simulator) by extension 'ignore'
[0.291s] Level 1:colcon.colcon_core.package_identification:_identify(autonomous_exploration_development_environment/src/velodyne_simulator/velodyne_simulator) by extension 'ignore_ament_install'
[0.291s] Level 1:colcon.colcon_core.package_identification:_identify(autonomous_exploration_development_environment/src/velodyne_simulator/velodyne_simulator) by extensions ['colcon_pkg']
[0.291s] Level 1:colcon.colcon_core.package_identification:_identify(autonomous_exploration_development_environment/src/velodyne_simulator/velodyne_simulator) by extension 'colcon_pkg'
[0.291s] Level 1:colcon.colcon_core.package_identification:_identify(autonomous_exploration_development_environment/src/velodyne_simulator/velodyne_simulator) by extensions ['colcon_meta']
[0.291s] Level 1:colcon.colcon_core.package_identification:_identify(autonomous_exploration_development_environment/src/velodyne_simulator/velodyne_simulator) by extension 'colcon_meta'
[0.291s] Level 1:colcon.colcon_core.package_identification:_identify(autonomous_exploration_development_environment/src/velodyne_simulator/velodyne_simulator) by extensions ['ros']
[0.292s] Level 1:colcon.colcon_core.package_identification:_identify(autonomous_exploration_development_environment/src/velodyne_simulator/velodyne_simulator) by extension 'ros'
[0.293s] DEBUG:colcon.colcon_core.package_identification:Package 'autonomous_exploration_development_environment/src/velodyne_simulator/velodyne_simulator' with type 'ros.ament_cmake' and name 'velodyne_simulator'
[0.293s] Level 1:colcon.colcon_core.package_identification:_identify(autonomous_exploration_development_environment/src/visualization_tools) by extensions ['ignore', 'ignore_ament_install']
[0.293s] Level 1:colcon.colcon_core.package_identification:_identify(autonomous_exploration_development_environment/src/visualization_tools) by extension 'ignore'
[0.293s] Level 1:colcon.colcon_core.package_identification:_identify(autonomous_exploration_development_environment/src/visualization_tools) by extension 'ignore_ament_install'
[0.293s] Level 1:colcon.colcon_core.package_identification:_identify(autonomous_exploration_development_environment/src/visualization_tools) by extensions ['colcon_pkg']
[0.293s] Level 1:colcon.colcon_core.package_identification:_identify(autonomous_exploration_development_environment/src/visualization_tools) by extension 'colcon_pkg'
[0.293s] Level 1:colcon.colcon_core.package_identification:_identify(autonomous_exploration_development_environment/src/visualization_tools) by extensions ['colcon_meta']
[0.294s] Level 1:colcon.colcon_core.package_identification:_identify(autonomous_exploration_development_environment/src/visualization_tools) by extension 'colcon_meta'
[0.294s] Level 1:colcon.colcon_core.package_identification:_identify(autonomous_exploration_development_environment/src/visualization_tools) by extensions ['ros']
[0.294s] Level 1:colcon.colcon_core.package_identification:_identify(autonomous_exploration_development_environment/src/visualization_tools) by extension 'ros'
[0.296s] DEBUG:colcon.colcon_core.package_identification:Package 'autonomous_exploration_development_environment/src/visualization_tools' with type 'ros.ament_cmake' and name 'visualization_tools'
[0.296s] Level 1:colcon.colcon_core.package_identification:_identify(autonomous_exploration_development_environment/src/waypoint_example) by extensions ['ignore', 'ignore_ament_install']
[0.296s] Level 1:colcon.colcon_core.package_identification:_identify(autonomous_exploration_development_environment/src/waypoint_example) by extension 'ignore'
[0.297s] Level 1:colcon.colcon_core.package_identification:_identify(autonomous_exploration_development_environment/src/waypoint_example) by extension 'ignore_ament_install'
[0.297s] Level 1:colcon.colcon_core.package_identification:_identify(autonomous_exploration_development_environment/src/waypoint_example) by extensions ['colcon_pkg']
[0.297s] Level 1:colcon.colcon_core.package_identification:_identify(autonomous_exploration_development_environment/src/waypoint_example) by extension 'colcon_pkg'
[0.297s] Level 1:colcon.colcon_core.package_identification:_identify(autonomous_exploration_development_environment/src/waypoint_example) by extensions ['colcon_meta']
[0.297s] Level 1:colcon.colcon_core.package_identification:_identify(autonomous_exploration_development_environment/src/waypoint_example) by extension 'colcon_meta'
[0.297s] Level 1:colcon.colcon_core.package_identification:_identify(autonomous_exploration_development_environment/src/waypoint_example) by extensions ['ros']
[0.297s] Level 1:colcon.colcon_core.package_identification:_identify(autonomous_exploration_development_environment/src/waypoint_example) by extension 'ros'
[0.300s] DEBUG:colcon.colcon_core.package_identification:Package 'autonomous_exploration_development_environment/src/waypoint_example' with type 'ros.ament_cmake' and name 'waypoint_example'
[0.300s] Level 1:colcon.colcon_core.package_identification:_identify(autonomous_exploration_development_environment/src/waypoint_rviz_plugin) by extensions ['ignore', 'ignore_ament_install']
[0.300s] Level 1:colcon.colcon_core.package_identification:_identify(autonomous_exploration_development_environment/src/waypoint_rviz_plugin) by extension 'ignore'
[0.300s] Level 1:colcon.colcon_core.package_identification:_identify(autonomous_exploration_development_environment/src/waypoint_rviz_plugin) by extension 'ignore_ament_install'
[0.301s] Level 1:colcon.colcon_core.package_identification:_identify(autonomous_exploration_development_environment/src/waypoint_rviz_plugin) by extensions ['colcon_pkg']
[0.301s] Level 1:colcon.colcon_core.package_identification:_identify(autonomous_exploration_development_environment/src/waypoint_rviz_plugin) by extension 'colcon_pkg'
[0.301s] Level 1:colcon.colcon_core.package_identification:_identify(autonomous_exploration_development_environment/src/waypoint_rviz_plugin) by extensions ['colcon_meta']
[0.301s] Level 1:colcon.colcon_core.package_identification:_identify(autonomous_exploration_development_environment/src/waypoint_rviz_plugin) by extension 'colcon_meta'
[0.301s] Level 1:colcon.colcon_core.package_identification:_identify(autonomous_exploration_development_environment/src/waypoint_rviz_plugin) by extensions ['ros']
[0.301s] Level 1:colcon.colcon_core.package_identification:_identify(autonomous_exploration_development_environment/src/waypoint_rviz_plugin) by extension 'ros'
[0.303s] DEBUG:colcon.colcon_core.package_identification:Package 'autonomous_exploration_development_environment/src/waypoint_rviz_plugin' with type 'ros.ament_cmake' and name 'waypoint_rviz_plugin'
[0.303s] Level 1:colcon.colcon_core.package_identification:_identify(bags) by extensions ['ignore', 'ignore_ament_install']
[0.303s] Level 1:colcon.colcon_core.package_identification:_identify(bags) by extension 'ignore'
[0.303s] Level 1:colcon.colcon_core.package_identification:_identify(bags) by extension 'ignore_ament_install'
[0.303s] Level 1:colcon.colcon_core.package_identification:_identify(bags) by extensions ['colcon_pkg']
[0.304s] Level 1:colcon.colcon_core.package_identification:_identify(bags) by extension 'colcon_pkg'
[0.304s] Level 1:colcon.colcon_core.package_identification:_identify(bags) by extensions ['colcon_meta']
[0.304s] Level 1:colcon.colcon_core.package_identification:_identify(bags) by extension 'colcon_meta'
[0.304s] Level 1:colcon.colcon_core.package_identification:_identify(bags) by extensions ['ros']
[0.304s] Level 1:colcon.colcon_core.package_identification:_identify(bags) by extension 'ros'
[0.304s] Level 1:colcon.colcon_core.package_identification:_identify(bags) by extensions ['cmake', 'python']
[0.304s] Level 1:colcon.colcon_core.package_identification:_identify(bags) by extension 'cmake'
[0.304s] Level 1:colcon.colcon_core.package_identification:_identify(bags) by extension 'python'
[0.304s] Level 1:colcon.colcon_core.package_identification:_identify(bags) by extensions ['python_setup_py']
[0.305s] Level 1:colcon.colcon_core.package_identification:_identify(bags) by extension 'python_setup_py'
[0.305s] Level 1:colcon.colcon_core.package_identification:_identify(bags/exploration_run) by extensions ['ignore', 'ignore_ament_install']
[0.305s] Level 1:colcon.colcon_core.package_identification:_identify(bags/exploration_run) by extension 'ignore'
[0.305s] Level 1:colcon.colcon_core.package_identification:_identify(bags/exploration_run) by extension 'ignore_ament_install'
[0.305s] Level 1:colcon.colcon_core.package_identification:_identify(bags/exploration_run) by extensions ['colcon_pkg']
[0.305s] Level 1:colcon.colcon_core.package_identification:_identify(bags/exploration_run) by extension 'colcon_pkg'
[0.306s] Level 1:colcon.colcon_core.package_identification:_identify(bags/exploration_run) by extensions ['colcon_meta']
[0.306s] Level 1:colcon.colcon_core.package_identification:_identify(bags/exploration_run) by extension 'colcon_meta'
[0.306s] Level 1:colcon.colcon_core.package_identification:_identify(bags/exploration_run) by extensions ['ros']
[0.306s] Level 1:colcon.colcon_core.package_identification:_identify(bags/exploration_run) by extension 'ros'
[0.306s] Level 1:colcon.colcon_core.package_identification:_identify(bags/exploration_run) by extensions ['cmake', 'python']
[0.306s] Level 1:colcon.colcon_core.package_identification:_identify(bags/exploration_run) by extension 'cmake'
[0.307s] Level 1:colcon.colcon_core.package_identification:_identify(bags/exploration_run) by extension 'python'
[0.307s] Level 1:colcon.colcon_core.package_identification:_identify(bags/exploration_run) by extensions ['python_setup_py']
[0.307s] Level 1:colcon.colcon_core.package_identification:_identify(bags/exploration_run) by extension 'python_setup_py'
[0.307s] Level 1:colcon.colcon_core.package_identification:_identify(build) by extensions ['ignore', 'ignore_ament_install']
[0.307s] Level 1:colcon.colcon_core.package_identification:_identify(build) by extension 'ignore'
[0.307s] Level 1:colcon.colcon_core.package_identification:_identify(build) ignored
[0.308s] Level 1:colcon.colcon_core.package_identification:_identify(demo) by extensions ['ignore', 'ignore_ament_install']
[0.308s] Level 1:colcon.colcon_core.package_identification:_identify(demo) by extension 'ignore'
[0.308s] Level 1:colcon.colcon_core.package_identification:_identify(demo) by extension 'ignore_ament_install'
[0.308s] Level 1:colcon.colcon_core.package_identification:_identify(demo) by extensions ['colcon_pkg']
[0.308s] Level 1:colcon.colcon_core.package_identification:_identify(demo) by extension 'colcon_pkg'
[0.308s] Level 1:colcon.colcon_core.package_identification:_identify(demo) by extensions ['colcon_meta']
[0.308s] Level 1:colcon.colcon_core.package_identification:_identify(demo) by extension 'colcon_meta'
[0.308s] Level 1:colcon.colcon_core.package_identification:_identify(demo) by extensions ['ros']
[0.308s] Level 1:colcon.colcon_core.package_identification:_identify(demo) by extension 'ros'
[0.309s] Level 1:colcon.colcon_core.package_identification:_identify(demo) by extensions ['cmake', 'python']
[0.309s] Level 1:colcon.colcon_core.package_identification:_identify(demo) by extension 'cmake'
[0.309s] Level 1:colcon.colcon_core.package_identification:_identify(demo) by extension 'python'
[0.309s] Level 1:colcon.colcon_core.package_identification:_identify(demo) by extensions ['python_setup_py']
[0.309s] Level 1:colcon.colcon_core.package_identification:_identify(demo) by extension 'python_setup_py'
[0.309s] Level 1:colcon.colcon_core.package_identification:_identify(install) by extensions ['ignore', 'ignore_ament_install']
[0.309s] Level 1:colcon.colcon_core.package_identification:_identify(install) by extension 'ignore'
[0.309s] Level 1:colcon.colcon_core.package_identification:_identify(install) ignored
[0.310s] Level 1:colcon.colcon_core.package_identification:_identify(log) by extensions ['ignore', 'ignore_ament_install']
[0.310s] Level 1:colcon.colcon_core.package_identification:_identify(log) by extension 'ignore'
[0.310s] Level 1:colcon.colcon_core.package_identification:_identify(log) ignored
[0.310s] Level 1:colcon.colcon_core.package_identification:_identify(src) by extensions ['ignore', 'ignore_ament_install']
[0.310s] Level 1:colcon.colcon_core.package_identification:_identify(src) by extension 'ignore'
[0.311s] Level 1:colcon.colcon_core.package_identification:_identify(src) by extension 'ignore_ament_install'
[0.311s] Level 1:colcon.colcon_core.package_identification:_identify(src) by extensions ['colcon_pkg']
[0.311s] Level 1:colcon.colcon_core.package_identification:_identify(src) by extension 'colcon_pkg'
[0.311s] Level 1:colcon.colcon_core.package_identification:_identify(src) by extensions ['colcon_meta']
[0.311s] Level 1:colcon.colcon_core.package_identification:_identify(src) by extension 'colcon_meta'
[0.312s] Level 1:colcon.colcon_core.package_identification:_identify(src) by extensions ['ros']
[0.312s] Level 1:colcon.colcon_core.package_identification:_identify(src) by extension 'ros'
[0.312s] Level 1:colcon.colcon_core.package_identification:_identify(src) by extensions ['cmake', 'python']
[0.312s] Level 1:colcon.colcon_core.package_identification:_identify(src) by extension 'cmake'
[0.312s] Level 1:colcon.colcon_core.package_identification:_identify(src) by extension 'python'
[0.312s] Level 1:colcon.colcon_core.package_identification:_identify(src) by extensions ['python_setup_py']
[0.313s] Level 1:colcon.colcon_core.package_identification:_identify(src) by extension 'python_setup_py'
[0.313s] Level 1:colcon.colcon_core.package_identification:_identify(src/rl_planner) by extensions ['ignore', 'ignore_ament_install']
[0.313s] Level 1:colcon.colcon_core.package_identification:_identify(src/rl_planner) by extension 'ignore'
[0.313s] Level 1:colcon.colcon_core.package_identification:_identify(src/rl_planner) by extension 'ignore_ament_install'
[0.313s] Level 1:colcon.colcon_core.package_identification:_identify(src/rl_planner) by extensions ['colcon_pkg']
[0.313s] Level 1:colcon.colcon_core.package_identification:_identify(src/rl_planner) by extension 'colcon_pkg'
[0.313s] Level 1:colcon.colcon_core.package_identification:_identify(src/rl_planner) by extensions ['colcon_meta']
[0.313s] Level 1:colcon.colcon_core.package_identification:_identify(src/rl_planner) by extension 'colcon_meta'
[0.314s] Level 1:colcon.colcon_core.package_identification:_identify(src/rl_planner) by extensions ['ros']
[0.314s] Level 1:colcon.colcon_core.package_identification:_identify(src/rl_planner) by extension 'ros'
[0.315s] DEBUG:colcon.colcon_core.package_identification:Package 'src/rl_planner' with type 'ros.ament_python' and name 'rl_planner'
[0.315s] Level 1:colcon.colcon_core.package_discovery:discover_packages(recursive) using defaults
[0.316s] Level 1:colcon.colcon_core.package_discovery:discover_packages(ignore) discover
[0.316s] Level 1:colcon.colcon_core.package_discovery:discover_packages(ignore) using defaults
[0.316s] Level 1:colcon.colcon_core.package_discovery:discover_packages(path) discover
[0.316s] Level 1:colcon.colcon_core.package_discovery:discover_packages(path) using defaults
[0.350s] INFO:colcon.colcon_core.package_selection:Skipping not selected package 'loam_interface' in 'autonomous_exploration_development_environment/src/loam_interface'
[0.350s] INFO:colcon.colcon_core.package_selection:Skipping not selected package 'local_planner' in 'autonomous_exploration_development_environment/src/local_planner'
[0.350s] INFO:colcon.colcon_core.package_selection:Skipping not selected package 'sensor_scan_generation' in 'autonomous_exploration_development_environment/src/sensor_scan_generation'
[0.350s] INFO:colcon.colcon_core.package_selection:Skipping not selected package 'terrain_analysis' in 'autonomous_exploration_development_environment/src/terrain_analysis'
[0.350s] INFO:colcon.colcon_core.package_selection:Skipping not selected package 'terrain_analysis_ext' in 'autonomous_exploration_development_environment/src/terrain_analysis_ext'
[0.350s] INFO:colcon.colcon_core.package_selection:Skipping not selected package 'vehicle_simulator' in 'autonomous_exploration_development_environment/src/vehicle_simulator'
[0.350s] INFO:colcon.colcon_core.package_selection:Skipping not selected package 'velodyne_description' in 'autonomous_exploration_development_environment/src/velodyne_simulator/velodyne_description'
[0.350s] INFO:colcon.colcon_core.package_selection:Skipping not selected package 'velodyne_gazebo_plugins' in 'autonomous_exploration_development_environment/src/velodyne_simulator/velodyne_gazebo_plugins'
[0.350s] INFO:colcon.colcon_core.package_selection:Skipping not selected package 'visualization_tools' in 'autonomous_exploration_development_environment/src/visualization_tools'
[0.350s] INFO:colcon.colcon_core.package_selection:Skipping not selected package 'waypoint_example' in 'autonomous_exploration_development_environment/src/waypoint_example'
[0.350s] INFO:colcon.colcon_core.package_selection:Skipping not selected package 'waypoint_rviz_plugin' in 'autonomous_exploration_development_environment/src/waypoint_rviz_plugin'
[0.350s] INFO:colcon.colcon_core.package_selection:Skipping not selected package 'velodyne_simulator' in 'autonomous_exploration_development_environment/src/velodyne_simulator/velodyne_simulator'
[0.351s] Level 5:colcon.colcon_core.verb:set package 'rl_planner' build argument 'cmake_args' from command line to 'None'
[0.351s] Level 5:colcon.colcon_core.verb:set package 'rl_planner' build argument 'cmake_target' from command line to 'None'
[0.351s] Level 5:colcon.colcon_core.verb:set package 'rl_planner' build argument 'cmake_target_skip_unavailable' from command line to 'False'
[0.351s] Level 5:colcon.colcon_core.verb:set package 'rl_planner' build argument 'cmake_clean_cache' from command line to 'False'
[0.351s] Level 5:colcon.colcon_core.verb:set package 'rl_planner' build argument 'cmake_clean_first' from command line to 'False'
[0.351s] Level 5:colcon.colcon_core.verb:set package 'rl_planner' build argument 'cmake_force_configure' from command line to 'False'
[0.351s] Level 5:colcon.colcon_core.verb:set package 'rl_planner' build argument 'ament_cmake_args' from command line to 'None'
[0.351s] Level 5:colcon.colcon_core.verb:set package 'rl_planner' build argument 'catkin_cmake_args' from command line to 'None'
[0.351s] Level 5:colcon.colcon_core.verb:set package 'rl_planner' build argument 'catkin_skip_building_tests' from command line to 'False'
[0.351s] DEBUG:colcon.colcon_core.verb:Building package 'rl_planner' with the following arguments: {'ament_cmake_args': None, 'build_base': '/media/bach/bach/nav_expl/CogniPlan_humble/build/rl_planner', 'catkin_cmake_args': None, 'catkin_skip_building_tests': False, 'cmake_args': None, 'cmake_clean_cache': False, 'cmake_clean_first': False, 'cmake_force_configure': False, 'cmake_target': None, 'cmake_target_skip_unavailable': False, 'install_base': '/media/bach/bach/nav_expl/CogniPlan_humble/install/rl_planner', 'merge_install': False, 'path': '/media/bach/bach/nav_expl/CogniPlan_humble/src/rl_planner', 'symlink_install': False, 'test_result_base': None}
[0.351s] INFO:colcon.colcon_core.executor:Executing jobs using 'parallel' executor
[0.352s] DEBUG:colcon.colcon_parallel_executor.executor.parallel:run_until_complete
[0.353s] INFO:colcon.colcon_ros.task.ament_python.build:Building ROS package in '/media/bach/bach/nav_expl/CogniPlan_humble/src/rl_planner' with build type 'ament_python'
[0.353s] Level 1:colcon.colcon_core.shell:create_environment_hook('rl_planner', 'ament_prefix_path')
[0.356s] INFO:colcon.colcon_core.plugin_system:Skipping extension 'colcon_core.shell.bat': Not used on non-Windows systems
[0.357s] INFO:colcon.colcon_core.shell:Creating environment hook '/media/bach/bach/nav_expl/CogniPlan_humble/install/rl_planner/share/rl_planner/hook/ament_prefix_path.ps1'
[0.359s] INFO:colcon.colcon_core.shell:Creating environment descriptor '/media/bach/bach/nav_expl/CogniPlan_humble/install/rl_planner/share/rl_planner/hook/ament_prefix_path.dsv'
[0.360s] INFO:colcon.colcon_core.shell:Creating environment hook '/media/bach/bach/nav_expl/CogniPlan_humble/install/rl_planner/share/rl_planner/hook/ament_prefix_path.sh'
[0.362s] INFO:colcon.colcon_core.shell:Skip shell extension 'powershell' for command environment: Not usable outside of PowerShell
[0.362s] DEBUG:colcon.colcon_core.shell:Skip shell extension 'dsv' for command environment
[0.642s] INFO:colcon.colcon_core.task.python.build:Building Python package in '/media/bach/bach/nav_expl/CogniPlan_humble/src/rl_planner'
[0.642s] INFO:colcon.colcon_core.shell:Skip shell extension 'powershell' for command environment: Not usable outside of PowerShell
[0.642s] DEBUG:colcon.colcon_core.shell:Skip shell extension 'dsv' for command environment
[1.280s] DEBUG:colcon.colcon_core.event_handler.log_command:Invoking command in '/media/bach/bach/nav_expl/CogniPlan_humble/src/rl_planner': CONDA_PROMPT_MODIFIER=(ros2-torch) PYTHONPATH=/media/bach/bach/nav_expl/CogniPlan_humble/build/rl_planner/prefix_override:/home/bach/ENTER/envs/ros2-torch/lib/python3.10/site-packages/colcon_core/task/python/colcon_distutils_commands:/media/bach/bach/nav_expl/CogniPlan_humble/install/rl_planner/lib/python3.10/site-packages:${PYTHONPATH} /home/bach/ENTER/envs/ros2-torch/bin/python3.10 -W ignore:setup.py install is deprecated -W ignore:easy_install command is deprecated setup.py egg_info --egg-base ../../build/rl_planner build --build-base /media/bach/bach/nav_expl/CogniPlan_humble/build/rl_planner/build install --record /media/bach/bach/nav_expl/CogniPlan_humble/build/rl_planner/install.log --single-version-externally-managed install_data
[3.320s] DEBUG:colcon.colcon_core.event_handler.log_command:Invoked command in '/media/bach/bach/nav_expl/CogniPlan_humble/src/rl_planner' returned '0': CONDA_PROMPT_MODIFIER=(ros2-torch) PYTHONPATH=/media/bach/bach/nav_expl/CogniPlan_humble/build/rl_planner/prefix_override:/home/bach/ENTER/envs/ros2-torch/lib/python3.10/site-packages/colcon_core/task/python/colcon_distutils_commands:/media/bach/bach/nav_expl/CogniPlan_humble/install/rl_planner/lib/python3.10/site-packages:${PYTHONPATH} /home/bach/ENTER/envs/ros2-torch/bin/python3.10 -W ignore:setup.py install is deprecated -W ignore:easy_install command is deprecated setup.py egg_info --egg-base ../../build/rl_planner build --build-base /media/bach/bach/nav_expl/CogniPlan_humble/build/rl_planner/build install --record /media/bach/bach/nav_expl/CogniPlan_humble/build/rl_planner/install.log --single-version-externally-managed install_data
[3.325s] Level 1:colcon.colcon_core.environment:checking '/media/bach/bach/nav_expl/CogniPlan_humble/install/rl_planner' for CMake module files
[3.327s] Level 1:colcon.colcon_core.environment:checking '/media/bach/bach/nav_expl/CogniPlan_humble/install/rl_planner' for CMake config files
[3.331s] Level 1:colcon.colcon_core.environment:checking '/media/bach/bach/nav_expl/CogniPlan_humble/install/rl_planner/lib'
[3.331s] Level 1:colcon.colcon_core.environment:checking '/media/bach/bach/nav_expl/CogniPlan_humble/install/rl_planner/bin'
[3.331s] Level 1:colcon.colcon_core.environment:checking '/media/bach/bach/nav_expl/CogniPlan_humble/install/rl_planner/lib/pkgconfig/rl_planner.pc'
[3.332s] Level 1:colcon.colcon_core.environment:checking '/media/bach/bach/nav_expl/CogniPlan_humble/install/rl_planner/lib/python3.10/site-packages'
[3.332s] Level 1:colcon.colcon_core.shell:create_environment_hook('rl_planner', 'pythonpath')
[3.332s] INFO:colcon.colcon_core.shell:Creating environment hook '/media/bach/bach/nav_expl/CogniPlan_humble/install/rl_planner/share/rl_planner/hook/pythonpath.ps1'
[3.334s] INFO:colcon.colcon_core.shell:Creating environment descriptor '/media/bach/bach/nav_expl/CogniPlan_humble/install/rl_planner/share/rl_planner/hook/pythonpath.dsv'
[3.335s] INFO:colcon.colcon_core.shell:Creating environment hook '/media/bach/bach/nav_expl/CogniPlan_humble/install/rl_planner/share/rl_planner/hook/pythonpath.sh'
[3.336s] Level 1:colcon.colcon_core.environment:checking '/media/bach/bach/nav_expl/CogniPlan_humble/install/rl_planner/bin'
[3.336s] Level 1:colcon.colcon_core.environment:create_environment_scripts_only(rl_planner)
[3.336s] INFO:colcon.colcon_core.shell:Creating package script '/media/bach/bach/nav_expl/CogniPlan_humble/install/rl_planner/share/rl_planner/package.ps1'
[3.339s] INFO:colcon.colcon_core.shell:Creating package descriptor '/media/bach/bach/nav_expl/CogniPlan_humble/install/rl_planner/share/rl_planner/package.dsv'
[3.340s] INFO:colcon.colcon_core.shell:Creating package script '/media/bach/bach/nav_expl/CogniPlan_humble/install/rl_planner/share/rl_planner/package.sh'
[3.342s] INFO:colcon.colcon_core.shell:Creating package script '/media/bach/bach/nav_expl/CogniPlan_humble/install/rl_planner/share/rl_planner/package.bash'
[3.344s] INFO:colcon.colcon_core.shell:Creating package script '/media/bach/bach/nav_expl/CogniPlan_humble/install/rl_planner/share/rl_planner/package.zsh'
[3.346s] Level 1:colcon.colcon_core.environment:create_file_with_runtime_dependencies(/media/bach/bach/nav_expl/CogniPlan_humble/install/rl_planner/share/colcon-core/packages/rl_planner)
[3.347s] DEBUG:colcon.colcon_parallel_executor.executor.parallel:closing loop
[3.348s] DEBUG:colcon.colcon_parallel_executor.executor.parallel:loop closed
[3.348s] DEBUG:colcon.colcon_parallel_executor.executor.parallel:run_until_complete finished with '0'
[3.348s] DEBUG:colcon.colcon_core.event_reactor:joining thread
[3.350s] INFO:colcon.colcon_core.plugin_system:Skipping extension 'colcon_notification.desktop_notification.notify2': 'notify2' not found
[3.350s] INFO:colcon.colcon_core.plugin_system:Skipping extension 'colcon_notification.desktop_notification.terminal_notifier': Not used on non-Darwin systems
[3.350s] INFO:colcon.colcon_core.plugin_system:Skipping extension 'colcon_notification.desktop_notification.win32': Not used on non-Windows systems
[3.350s] INFO:colcon.colcon_notification.desktop_notification:Sending desktop notification using 'notify_send'
[3.370s] DEBUG:colcon.colcon_core.event_reactor:joined thread
[3.371s] INFO:colcon.colcon_core.shell:Creating prefix script '/media/bach/bach/nav_expl/CogniPlan_humble/install/local_setup.ps1'
[3.373s] INFO:colcon.colcon_core.shell:Creating prefix util module '/media/bach/bach/nav_expl/CogniPlan_humble/install/_local_setup_util_ps1.py'
[3.376s] INFO:colcon.colcon_core.shell:Creating prefix chain script '/media/bach/bach/nav_expl/CogniPlan_humble/install/setup.ps1'
[3.379s] INFO:colcon.colcon_core.shell:Creating prefix script '/media/bach/bach/nav_expl/CogniPlan_humble/install/local_setup.sh'
[3.381s] INFO:colcon.colcon_core.shell:Creating prefix util module '/media/bach/bach/nav_expl/CogniPlan_humble/install/_local_setup_util_sh.py'
[3.383s] INFO:colcon.colcon_core.shell:Creating prefix chain script '/media/bach/bach/nav_expl/CogniPlan_humble/install/setup.sh'
[3.385s] INFO:colcon.colcon_core.shell:Creating prefix script '/media/bach/bach/nav_expl/CogniPlan_humble/install/local_setup.bash'
[3.387s] INFO:colcon.colcon_core.shell:Creating prefix chain script '/media/bach/bach/nav_expl/CogniPlan_humble/install/setup.bash'
[3.390s] INFO:colcon.colcon_core.shell:Creating prefix script '/media/bach/bach/nav_expl/CogniPlan_humble/install/local_setup.zsh'
[3.391s] INFO:colcon.colcon_core.shell:Creating prefix chain script '/media/bach/bach/nav_expl/CogniPlan_humble/install/setup.zsh'
