/media/bach/bach/nav_expl/CogniPlan_humble/install/rl_planner/lib/python3.10/site-packages/rl_planner/agent.py
/media/bach/bach/nav_expl/CogniPlan_humble/install/rl_planner/lib/python3.10/site-packages/rl_planner/exploration_model.py
/media/bach/bach/nav_expl/CogniPlan_humble/install/rl_planner/lib/python3.10/site-packages/rl_planner/expl_planner.py
/media/bach/bach/nav_expl/CogniPlan_humble/install/rl_planner/lib/python3.10/site-packages/rl_planner/generator.py
/media/bach/bach/nav_expl/CogniPlan_humble/install/rl_planner/lib/python3.10/site-packages/rl_planner/navigation_model.py
/media/bach/bach/nav_expl/CogniPlan_humble/install/rl_planner/lib/python3.10/site-packages/rl_planner/nav_planner.py
/media/bach/bach/nav_expl/CogniPlan_humble/install/rl_planner/lib/python3.10/site-packages/rl_planner/node_manager.py
/media/bach/bach/nav_expl/CogniPlan_humble/install/rl_planner/lib/python3.10/site-packages/rl_planner/parameter.py
/media/bach/bach/nav_expl/CogniPlan_humble/install/rl_planner/lib/python3.10/site-packages/rl_planner/plot.py
/media/bach/bach/nav_expl/CogniPlan_humble/install/rl_planner/lib/python3.10/site-packages/rl_planner/prediction_node_manager.py
/media/bach/bach/nav_expl/CogniPlan_humble/install/rl_planner/lib/python3.10/site-packages/rl_planner/quads.py
/media/bach/bach/nav_expl/CogniPlan_humble/install/rl_planner/lib/python3.10/site-packages/rl_planner/utils.py
/media/bach/bach/nav_expl/CogniPlan_humble/install/rl_planner/lib/python3.10/site-packages/rl_planner/__init__.py
/media/bach/bach/nav_expl/CogniPlan_humble/install/rl_planner/lib/python3.10/site-packages/rl_planner/__pycache__/agent.cpython-310.pyc
/media/bach/bach/nav_expl/CogniPlan_humble/install/rl_planner/lib/python3.10/site-packages/rl_planner/__pycache__/exploration_model.cpython-310.pyc
/media/bach/bach/nav_expl/CogniPlan_humble/install/rl_planner/lib/python3.10/site-packages/rl_planner/__pycache__/expl_planner.cpython-310.pyc
/media/bach/bach/nav_expl/CogniPlan_humble/install/rl_planner/lib/python3.10/site-packages/rl_planner/__pycache__/generator.cpython-310.pyc
/media/bach/bach/nav_expl/CogniPlan_humble/install/rl_planner/lib/python3.10/site-packages/rl_planner/__pycache__/navigation_model.cpython-310.pyc
/media/bach/bach/nav_expl/CogniPlan_humble/install/rl_planner/lib/python3.10/site-packages/rl_planner/__pycache__/nav_planner.cpython-310.pyc
/media/bach/bach/nav_expl/CogniPlan_humble/install/rl_planner/lib/python3.10/site-packages/rl_planner/__pycache__/node_manager.cpython-310.pyc
/media/bach/bach/nav_expl/CogniPlan_humble/install/rl_planner/lib/python3.10/site-packages/rl_planner/__pycache__/parameter.cpython-310.pyc
/media/bach/bach/nav_expl/CogniPlan_humble/install/rl_planner/lib/python3.10/site-packages/rl_planner/__pycache__/plot.cpython-310.pyc
/media/bach/bach/nav_expl/CogniPlan_humble/install/rl_planner/lib/python3.10/site-packages/rl_planner/__pycache__/prediction_node_manager.cpython-310.pyc
/media/bach/bach/nav_expl/CogniPlan_humble/install/rl_planner/lib/python3.10/site-packages/rl_planner/__pycache__/quads.cpython-310.pyc
/media/bach/bach/nav_expl/CogniPlan_humble/install/rl_planner/lib/python3.10/site-packages/rl_planner/__pycache__/utils.cpython-310.pyc
/media/bach/bach/nav_expl/CogniPlan_humble/install/rl_planner/lib/python3.10/site-packages/rl_planner/__pycache__/__init__.cpython-310.pyc
/media/bach/bach/nav_expl/CogniPlan_humble/install/rl_planner/share/ament_index/resource_index/packages/rl_planner
/media/bach/bach/nav_expl/CogniPlan_humble/install/rl_planner/share/rl_planner/package.xml
/media/bach/bach/nav_expl/CogniPlan_humble/install/rl_planner/share/rl_planner/launch/rl_planner.launch.py
/media/bach/bach/nav_expl/CogniPlan_humble/install/rl_planner/share/rl_planner/rviz/rviz.rviz
/media/bach/bach/nav_expl/CogniPlan_humble/install/rl_planner/share/rl_planner/expl_model/checkpoint.pth
/media/bach/bach/nav_expl/CogniPlan_humble/install/rl_planner/share/rl_planner/expl_model/config.yaml
/media/bach/bach/nav_expl/CogniPlan_humble/install/rl_planner/share/rl_planner/expl_model/download.sh
/media/bach/bach/nav_expl/CogniPlan_humble/install/rl_planner/share/rl_planner/expl_model/generator.pt
/media/bach/bach/nav_expl/CogniPlan_humble/install/rl_planner/share/rl_planner/nav_model/checkpoint.pth
/media/bach/bach/nav_expl/CogniPlan_humble/install/rl_planner/share/rl_planner/nav_model/config.yaml
/media/bach/bach/nav_expl/CogniPlan_humble/install/rl_planner/share/rl_planner/nav_model/generator.pt
/media/bach/bach/nav_expl/CogniPlan_humble/install/rl_planner/lib/python3.10/site-packages/rl_planner-0.0.0-py3.10.egg-info/dependency_links.txt
/media/bach/bach/nav_expl/CogniPlan_humble/install/rl_planner/lib/python3.10/site-packages/rl_planner-0.0.0-py3.10.egg-info/entry_points.txt
/media/bach/bach/nav_expl/CogniPlan_humble/install/rl_planner/lib/python3.10/site-packages/rl_planner-0.0.0-py3.10.egg-info/PKG-INFO
/media/bach/bach/nav_expl/CogniPlan_humble/install/rl_planner/lib/python3.10/site-packages/rl_planner-0.0.0-py3.10.egg-info/requires.txt
/media/bach/bach/nav_expl/CogniPlan_humble/install/rl_planner/lib/python3.10/site-packages/rl_planner-0.0.0-py3.10.egg-info/SOURCES.txt
/media/bach/bach/nav_expl/CogniPlan_humble/install/rl_planner/lib/python3.10/site-packages/rl_planner-0.0.0-py3.10.egg-info/top_level.txt
/media/bach/bach/nav_expl/CogniPlan_humble/install/rl_planner/lib/python3.10/site-packages/rl_planner-0.0.0-py3.10.egg-info/zip-safe
/media/bach/bach/nav_expl/CogniPlan_humble/install/rl_planner/lib/rl_planner/expl_planner
/media/bach/bach/nav_expl/CogniPlan_humble/install/rl_planner/lib/rl_planner/nav_planner
/media/bach/bach/nav_expl/CogniPlan_humble/install/rl_planner/lib/rl_planner/rl_planner
