running egg_info
creating ../../build/rl_planner/rl_planner.egg-info
writing ../../build/rl_planner/rl_planner.egg-info/PKG-INFO
writing dependency_links to ../../build/rl_planner/rl_planner.egg-info/dependency_links.txt
writing entry points to ../../build/rl_planner/rl_planner.egg-info/entry_points.txt
writing requirements to ../../build/rl_planner/rl_planner.egg-info/requires.txt
writing top-level names to ../../build/rl_planner/rl_planner.egg-info/top_level.txt
writing manifest file '../../build/rl_planner/rl_planner.egg-info/SOURCES.txt'
reading manifest file '../../build/rl_planner/rl_planner.egg-info/SOURCES.txt'
writing manifest file '../../build/rl_planner/rl_planner.egg-info/SOURCES.txt'
running build
running build_py
creating /media/bach/bach/nav_expl/CogniPlan_humble/build/rl_planner/build/lib/rl_planner
copying rl_planner/agent.py -> /media/bach/bach/nav_expl/CogniPlan_humble/build/rl_planner/build/lib/rl_planner
copying rl_planner/exploration_model.py -> /media/bach/bach/nav_expl/CogniPlan_humble/build/rl_planner/build/lib/rl_planner
copying rl_planner/expl_planner.py -> /media/bach/bach/nav_expl/CogniPlan_humble/build/rl_planner/build/lib/rl_planner
copying rl_planner/generator.py -> /media/bach/bach/nav_expl/CogniPlan_humble/build/rl_planner/build/lib/rl_planner
copying rl_planner/navigation_model.py -> /media/bach/bach/nav_expl/CogniPlan_humble/build/rl_planner/build/lib/rl_planner
copying rl_planner/nav_planner.py -> /media/bach/bach/nav_expl/CogniPlan_humble/build/rl_planner/build/lib/rl_planner
copying rl_planner/node_manager.py -> /media/bach/bach/nav_expl/CogniPlan_humble/build/rl_planner/build/lib/rl_planner
copying rl_planner/parameter.py -> /media/bach/bach/nav_expl/CogniPlan_humble/build/rl_planner/build/lib/rl_planner
copying rl_planner/plot.py -> /media/bach/bach/nav_expl/CogniPlan_humble/build/rl_planner/build/lib/rl_planner
copying rl_planner/prediction_node_manager.py -> /media/bach/bach/nav_expl/CogniPlan_humble/build/rl_planner/build/lib/rl_planner
copying rl_planner/quads.py -> /media/bach/bach/nav_expl/CogniPlan_humble/build/rl_planner/build/lib/rl_planner
copying rl_planner/utils.py -> /media/bach/bach/nav_expl/CogniPlan_humble/build/rl_planner/build/lib/rl_planner
copying rl_planner/__init__.py -> /media/bach/bach/nav_expl/CogniPlan_humble/build/rl_planner/build/lib/rl_planner
running install
running install_lib
creating /media/bach/bach/nav_expl/CogniPlan_humble/install/rl_planner/lib/python3.10/site-packages/rl_planner
copying /media/bach/bach/nav_expl/CogniPlan_humble/build/rl_planner/build/lib/rl_planner/agent.py -> /media/bach/bach/nav_expl/CogniPlan_humble/install/rl_planner/lib/python3.10/site-packages/rl_planner
copying /media/bach/bach/nav_expl/CogniPlan_humble/build/rl_planner/build/lib/rl_planner/exploration_model.py -> /media/bach/bach/nav_expl/CogniPlan_humble/install/rl_planner/lib/python3.10/site-packages/rl_planner
copying /media/bach/bach/nav_expl/CogniPlan_humble/build/rl_planner/build/lib/rl_planner/expl_planner.py -> /media/bach/bach/nav_expl/CogniPlan_humble/install/rl_planner/lib/python3.10/site-packages/rl_planner
copying /media/bach/bach/nav_expl/CogniPlan_humble/build/rl_planner/build/lib/rl_planner/generator.py -> /media/bach/bach/nav_expl/CogniPlan_humble/install/rl_planner/lib/python3.10/site-packages/rl_planner
copying /media/bach/bach/nav_expl/CogniPlan_humble/build/rl_planner/build/lib/rl_planner/navigation_model.py -> /media/bach/bach/nav_expl/CogniPlan_humble/install/rl_planner/lib/python3.10/site-packages/rl_planner
copying /media/bach/bach/nav_expl/CogniPlan_humble/build/rl_planner/build/lib/rl_planner/nav_planner.py -> /media/bach/bach/nav_expl/CogniPlan_humble/install/rl_planner/lib/python3.10/site-packages/rl_planner
copying /media/bach/bach/nav_expl/CogniPlan_humble/build/rl_planner/build/lib/rl_planner/node_manager.py -> /media/bach/bach/nav_expl/CogniPlan_humble/install/rl_planner/lib/python3.10/site-packages/rl_planner
copying /media/bach/bach/nav_expl/CogniPlan_humble/build/rl_planner/build/lib/rl_planner/parameter.py -> /media/bach/bach/nav_expl/CogniPlan_humble/install/rl_planner/lib/python3.10/site-packages/rl_planner
copying /media/bach/bach/nav_expl/CogniPlan_humble/build/rl_planner/build/lib/rl_planner/plot.py -> /media/bach/bach/nav_expl/CogniPlan_humble/install/rl_planner/lib/python3.10/site-packages/rl_planner
copying /media/bach/bach/nav_expl/CogniPlan_humble/build/rl_planner/build/lib/rl_planner/prediction_node_manager.py -> /media/bach/bach/nav_expl/CogniPlan_humble/install/rl_planner/lib/python3.10/site-packages/rl_planner
copying /media/bach/bach/nav_expl/CogniPlan_humble/build/rl_planner/build/lib/rl_planner/quads.py -> /media/bach/bach/nav_expl/CogniPlan_humble/install/rl_planner/lib/python3.10/site-packages/rl_planner
copying /media/bach/bach/nav_expl/CogniPlan_humble/build/rl_planner/build/lib/rl_planner/utils.py -> /media/bach/bach/nav_expl/CogniPlan_humble/install/rl_planner/lib/python3.10/site-packages/rl_planner
copying /media/bach/bach/nav_expl/CogniPlan_humble/build/rl_planner/build/lib/rl_planner/__init__.py -> /media/bach/bach/nav_expl/CogniPlan_humble/install/rl_planner/lib/python3.10/site-packages/rl_planner
byte-compiling /media/bach/bach/nav_expl/CogniPlan_humble/install/rl_planner/lib/python3.10/site-packages/rl_planner/agent.py to agent.cpython-310.pyc
byte-compiling /media/bach/bach/nav_expl/CogniPlan_humble/install/rl_planner/lib/python3.10/site-packages/rl_planner/exploration_model.py to exploration_model.cpython-310.pyc
byte-compiling /media/bach/bach/nav_expl/CogniPlan_humble/install/rl_planner/lib/python3.10/site-packages/rl_planner/expl_planner.py to expl_planner.cpython-310.pyc
byte-compiling /media/bach/bach/nav_expl/CogniPlan_humble/install/rl_planner/lib/python3.10/site-packages/rl_planner/generator.py to generator.cpython-310.pyc
byte-compiling /media/bach/bach/nav_expl/CogniPlan_humble/install/rl_planner/lib/python3.10/site-packages/rl_planner/navigation_model.py to navigation_model.cpython-310.pyc
byte-compiling /media/bach/bach/nav_expl/CogniPlan_humble/install/rl_planner/lib/python3.10/site-packages/rl_planner/nav_planner.py to nav_planner.cpython-310.pyc
byte-compiling /media/bach/bach/nav_expl/CogniPlan_humble/install/rl_planner/lib/python3.10/site-packages/rl_planner/node_manager.py to node_manager.cpython-310.pyc
byte-compiling /media/bach/bach/nav_expl/CogniPlan_humble/install/rl_planner/lib/python3.10/site-packages/rl_planner/parameter.py to parameter.cpython-310.pyc
byte-compiling /media/bach/bach/nav_expl/CogniPlan_humble/install/rl_planner/lib/python3.10/site-packages/rl_planner/plot.py to plot.cpython-310.pyc
byte-compiling /media/bach/bach/nav_expl/CogniPlan_humble/install/rl_planner/lib/python3.10/site-packages/rl_planner/prediction_node_manager.py to prediction_node_manager.cpython-310.pyc
byte-compiling /media/bach/bach/nav_expl/CogniPlan_humble/install/rl_planner/lib/python3.10/site-packages/rl_planner/quads.py to quads.cpython-310.pyc
byte-compiling /media/bach/bach/nav_expl/CogniPlan_humble/install/rl_planner/lib/python3.10/site-packages/rl_planner/utils.py to utils.cpython-310.pyc
byte-compiling /media/bach/bach/nav_expl/CogniPlan_humble/install/rl_planner/lib/python3.10/site-packages/rl_planner/__init__.py to __init__.cpython-310.pyc
running install_data
creating /media/bach/bach/nav_expl/CogniPlan_humble/install/rl_planner/share/ament_index/resource_index/packages
copying resource/rl_planner -> /media/bach/bach/nav_expl/CogniPlan_humble/install/rl_planner/share/ament_index/resource_index/packages
copying package.xml -> /media/bach/bach/nav_expl/CogniPlan_humble/install/rl_planner/share/rl_planner
creating /media/bach/bach/nav_expl/CogniPlan_humble/install/rl_planner/share/rl_planner/launch
copying launch/rl_planner.launch.py -> /media/bach/bach/nav_expl/CogniPlan_humble/install/rl_planner/share/rl_planner/launch
creating /media/bach/bach/nav_expl/CogniPlan_humble/install/rl_planner/share/rl_planner/rviz
copying rviz/rviz.rviz -> /media/bach/bach/nav_expl/CogniPlan_humble/install/rl_planner/share/rl_planner/rviz
creating /media/bach/bach/nav_expl/CogniPlan_humble/install/rl_planner/share/rl_planner/expl_model
copying rl_planner/expl_model/checkpoint.pth -> /media/bach/bach/nav_expl/CogniPlan_humble/install/rl_planner/share/rl_planner/expl_model
copying rl_planner/expl_model/config.yaml -> /media/bach/bach/nav_expl/CogniPlan_humble/install/rl_planner/share/rl_planner/expl_model
copying rl_planner/expl_model/download.sh -> /media/bach/bach/nav_expl/CogniPlan_humble/install/rl_planner/share/rl_planner/expl_model
copying rl_planner/expl_model/generator.pt -> /media/bach/bach/nav_expl/CogniPlan_humble/install/rl_planner/share/rl_planner/expl_model
creating /media/bach/bach/nav_expl/CogniPlan_humble/install/rl_planner/share/rl_planner/nav_model
copying rl_planner/nav_model/checkpoint.pth -> /media/bach/bach/nav_expl/CogniPlan_humble/install/rl_planner/share/rl_planner/nav_model
copying rl_planner/nav_model/config.yaml -> /media/bach/bach/nav_expl/CogniPlan_humble/install/rl_planner/share/rl_planner/nav_model
copying rl_planner/nav_model/generator.pt -> /media/bach/bach/nav_expl/CogniPlan_humble/install/rl_planner/share/rl_planner/nav_model
running install_egg_info
Copying ../../build/rl_planner/rl_planner.egg-info to /media/bach/bach/nav_expl/CogniPlan_humble/install/rl_planner/lib/python3.10/site-packages/rl_planner-0.0.0-py3.10.egg-info
running install_scripts
Installing expl_planner script to /media/bach/bach/nav_expl/CogniPlan_humble/install/rl_planner/lib/rl_planner
Installing nav_planner script to /media/bach/bach/nav_expl/CogniPlan_humble/install/rl_planner/lib/rl_planner
Installing rl_planner script to /media/bach/bach/nav_expl/CogniPlan_humble/install/rl_planner/lib/rl_planner
writing list of installed files to '/media/bach/bach/nav_expl/CogniPlan_humble/build/rl_planner/install.log'
