[0.926s] Invoking command in '/media/bach/bach/nav_expl/CogniPlan_humble/src/rl_planner': CONDA_PROMPT_MODIFIER=(ros2-torch) PYTHONPATH=/media/bach/bach/nav_expl/CogniPlan_humble/build/rl_planner/prefix_override:/home/bach/ENTER/envs/ros2-torch/lib/python3.10/site-packages/colcon_core/task/python/colcon_distutils_commands:/media/bach/bach/nav_expl/CogniPlan_humble/install/rl_planner/lib/python3.10/site-packages:${PYTHONPATH} /home/bach/ENTER/envs/ros2-torch/bin/python3.10 -W ignore:setup.py install is deprecated -W ignore:easy_install command is deprecated setup.py egg_info --egg-base ../../build/rl_planner build --build-base /media/bach/bach/nav_expl/CogniPlan_humble/build/rl_planner/build install --record /media/bach/bach/nav_expl/CogniPlan_humble/build/rl_planner/install.log --single-version-externally-managed install_data
[1.160s] /home/bach/ENTER/envs/ros2-torch/lib/python3.10/site-packages/setuptools/_distutils/dist.py:289: UserWarning: Unknown distribution option: 'tests_require'
[1.160s]   warnings.warn(msg)
[1.256s] running egg_info
[1.272s] creating ../../build/rl_planner/rl_planner.egg-info
[1.273s] writing ../../build/rl_planner/rl_planner.egg-info/PKG-INFO
[1.279s] writing dependency_links to ../../build/rl_planner/rl_planner.egg-info/dependency_links.txt
[1.280s] writing entry points to ../../build/rl_planner/rl_planner.egg-info/entry_points.txt
[1.281s] writing requirements to ../../build/rl_planner/rl_planner.egg-info/requires.txt
[1.282s] writing top-level names to ../../build/rl_planner/rl_planner.egg-info/top_level.txt
[1.283s] writing manifest file '../../build/rl_planner/rl_planner.egg-info/SOURCES.txt'
[1.331s] reading manifest file '../../build/rl_planner/rl_planner.egg-info/SOURCES.txt'
[1.336s] writing manifest file '../../build/rl_planner/rl_planner.egg-info/SOURCES.txt'
[1.337s] running build
[1.337s] running build_py
[1.338s] creating /media/bach/bach/nav_expl/CogniPlan_humble/build/rl_planner/build/lib/rl_planner
[1.339s] copying rl_planner/agent.py -> /media/bach/bach/nav_expl/CogniPlan_humble/build/rl_planner/build/lib/rl_planner
[1.340s] copying rl_planner/exploration_model.py -> /media/bach/bach/nav_expl/CogniPlan_humble/build/rl_planner/build/lib/rl_planner
[1.342s] copying rl_planner/expl_planner.py -> /media/bach/bach/nav_expl/CogniPlan_humble/build/rl_planner/build/lib/rl_planner
[1.344s] copying rl_planner/generator.py -> /media/bach/bach/nav_expl/CogniPlan_humble/build/rl_planner/build/lib/rl_planner
[1.345s] copying rl_planner/navigation_model.py -> /media/bach/bach/nav_expl/CogniPlan_humble/build/rl_planner/build/lib/rl_planner
[1.346s] copying rl_planner/nav_planner.py -> /media/bach/bach/nav_expl/CogniPlan_humble/build/rl_planner/build/lib/rl_planner
[1.348s] copying rl_planner/node_manager.py -> /media/bach/bach/nav_expl/CogniPlan_humble/build/rl_planner/build/lib/rl_planner
[1.351s] copying rl_planner/parameter.py -> /media/bach/bach/nav_expl/CogniPlan_humble/build/rl_planner/build/lib/rl_planner
[1.353s] copying rl_planner/plot.py -> /media/bach/bach/nav_expl/CogniPlan_humble/build/rl_planner/build/lib/rl_planner
[1.355s] copying rl_planner/prediction_node_manager.py -> /media/bach/bach/nav_expl/CogniPlan_humble/build/rl_planner/build/lib/rl_planner
[1.356s] copying rl_planner/quads.py -> /media/bach/bach/nav_expl/CogniPlan_humble/build/rl_planner/build/lib/rl_planner
[1.357s] copying rl_planner/utils.py -> /media/bach/bach/nav_expl/CogniPlan_humble/build/rl_planner/build/lib/rl_planner
[1.359s] copying rl_planner/__init__.py -> /media/bach/bach/nav_expl/CogniPlan_humble/build/rl_planner/build/lib/rl_planner
[1.361s] running install
[1.370s] running install_lib
[1.391s] creating /media/bach/bach/nav_expl/CogniPlan_humble/install/rl_planner/lib/python3.10/site-packages/rl_planner
[1.392s] copying /media/bach/bach/nav_expl/CogniPlan_humble/build/rl_planner/build/lib/rl_planner/agent.py -> /media/bach/bach/nav_expl/CogniPlan_humble/install/rl_planner/lib/python3.10/site-packages/rl_planner
[1.394s] copying /media/bach/bach/nav_expl/CogniPlan_humble/build/rl_planner/build/lib/rl_planner/exploration_model.py -> /media/bach/bach/nav_expl/CogniPlan_humble/install/rl_planner/lib/python3.10/site-packages/rl_planner
[1.395s] copying /media/bach/bach/nav_expl/CogniPlan_humble/build/rl_planner/build/lib/rl_planner/expl_planner.py -> /media/bach/bach/nav_expl/CogniPlan_humble/install/rl_planner/lib/python3.10/site-packages/rl_planner
[1.396s] copying /media/bach/bach/nav_expl/CogniPlan_humble/build/rl_planner/build/lib/rl_planner/generator.py -> /media/bach/bach/nav_expl/CogniPlan_humble/install/rl_planner/lib/python3.10/site-packages/rl_planner
[1.398s] copying /media/bach/bach/nav_expl/CogniPlan_humble/build/rl_planner/build/lib/rl_planner/navigation_model.py -> /media/bach/bach/nav_expl/CogniPlan_humble/install/rl_planner/lib/python3.10/site-packages/rl_planner
[1.400s] copying /media/bach/bach/nav_expl/CogniPlan_humble/build/rl_planner/build/lib/rl_planner/nav_planner.py -> /media/bach/bach/nav_expl/CogniPlan_humble/install/rl_planner/lib/python3.10/site-packages/rl_planner
[1.401s] copying /media/bach/bach/nav_expl/CogniPlan_humble/build/rl_planner/build/lib/rl_planner/node_manager.py -> /media/bach/bach/nav_expl/CogniPlan_humble/install/rl_planner/lib/python3.10/site-packages/rl_planner
[1.403s] copying /media/bach/bach/nav_expl/CogniPlan_humble/build/rl_planner/build/lib/rl_planner/parameter.py -> /media/bach/bach/nav_expl/CogniPlan_humble/install/rl_planner/lib/python3.10/site-packages/rl_planner
[1.405s] copying /media/bach/bach/nav_expl/CogniPlan_humble/build/rl_planner/build/lib/rl_planner/plot.py -> /media/bach/bach/nav_expl/CogniPlan_humble/install/rl_planner/lib/python3.10/site-packages/rl_planner
[1.407s] copying /media/bach/bach/nav_expl/CogniPlan_humble/build/rl_planner/build/lib/rl_planner/prediction_node_manager.py -> /media/bach/bach/nav_expl/CogniPlan_humble/install/rl_planner/lib/python3.10/site-packages/rl_planner
[1.409s] copying /media/bach/bach/nav_expl/CogniPlan_humble/build/rl_planner/build/lib/rl_planner/quads.py -> /media/bach/bach/nav_expl/CogniPlan_humble/install/rl_planner/lib/python3.10/site-packages/rl_planner
[1.411s] copying /media/bach/bach/nav_expl/CogniPlan_humble/build/rl_planner/build/lib/rl_planner/utils.py -> /media/bach/bach/nav_expl/CogniPlan_humble/install/rl_planner/lib/python3.10/site-packages/rl_planner
[1.412s] copying /media/bach/bach/nav_expl/CogniPlan_humble/build/rl_planner/build/lib/rl_planner/__init__.py -> /media/bach/bach/nav_expl/CogniPlan_humble/install/rl_planner/lib/python3.10/site-packages/rl_planner
[1.415s] byte-compiling /media/bach/bach/nav_expl/CogniPlan_humble/install/rl_planner/lib/python3.10/site-packages/rl_planner/agent.py to agent.cpython-310.pyc
[1.420s] byte-compiling /media/bach/bach/nav_expl/CogniPlan_humble/install/rl_planner/lib/python3.10/site-packages/rl_planner/exploration_model.py to exploration_model.cpython-310.pyc
[1.425s] byte-compiling /media/bach/bach/nav_expl/CogniPlan_humble/install/rl_planner/lib/python3.10/site-packages/rl_planner/expl_planner.py to expl_planner.cpython-310.pyc
[1.431s] byte-compiling /media/bach/bach/nav_expl/CogniPlan_humble/install/rl_planner/lib/python3.10/site-packages/rl_planner/generator.py to generator.cpython-310.pyc
[1.438s] byte-compiling /media/bach/bach/nav_expl/CogniPlan_humble/install/rl_planner/lib/python3.10/site-packages/rl_planner/navigation_model.py to navigation_model.cpython-310.pyc
[1.442s] byte-compiling /media/bach/bach/nav_expl/CogniPlan_humble/install/rl_planner/lib/python3.10/site-packages/rl_planner/nav_planner.py to nav_planner.cpython-310.pyc
[1.450s] byte-compiling /media/bach/bach/nav_expl/CogniPlan_humble/install/rl_planner/lib/python3.10/site-packages/rl_planner/node_manager.py to node_manager.cpython-310.pyc
[1.459s] byte-compiling /media/bach/bach/nav_expl/CogniPlan_humble/install/rl_planner/lib/python3.10/site-packages/rl_planner/parameter.py to parameter.cpython-310.pyc
[1.462s] byte-compiling /media/bach/bach/nav_expl/CogniPlan_humble/install/rl_planner/lib/python3.10/site-packages/rl_planner/plot.py to plot.cpython-310.pyc
[1.468s] byte-compiling /media/bach/bach/nav_expl/CogniPlan_humble/install/rl_planner/lib/python3.10/site-packages/rl_planner/prediction_node_manager.py to prediction_node_manager.cpython-310.pyc
[1.475s] byte-compiling /media/bach/bach/nav_expl/CogniPlan_humble/install/rl_planner/lib/python3.10/site-packages/rl_planner/quads.py to quads.cpython-310.pyc
[1.483s] byte-compiling /media/bach/bach/nav_expl/CogniPlan_humble/install/rl_planner/lib/python3.10/site-packages/rl_planner/utils.py to utils.cpython-310.pyc
[1.491s] byte-compiling /media/bach/bach/nav_expl/CogniPlan_humble/install/rl_planner/lib/python3.10/site-packages/rl_planner/__init__.py to __init__.cpython-310.pyc
[1.495s] running install_data
[1.495s] creating /media/bach/bach/nav_expl/CogniPlan_humble/install/rl_planner/share/ament_index/resource_index/packages
[1.496s] copying resource/rl_planner -> /media/bach/bach/nav_expl/CogniPlan_humble/install/rl_planner/share/ament_index/resource_index/packages
[1.498s] copying package.xml -> /media/bach/bach/nav_expl/CogniPlan_humble/install/rl_planner/share/rl_planner
[1.500s] creating /media/bach/bach/nav_expl/CogniPlan_humble/install/rl_planner/share/rl_planner/launch
[1.500s] copying launch/rl_planner.launch.py -> /media/bach/bach/nav_expl/CogniPlan_humble/install/rl_planner/share/rl_planner/launch
[1.502s] creating /media/bach/bach/nav_expl/CogniPlan_humble/install/rl_planner/share/rl_planner/rviz
[1.502s] copying rviz/rviz.rviz -> /media/bach/bach/nav_expl/CogniPlan_humble/install/rl_planner/share/rl_planner/rviz
[1.504s] creating /media/bach/bach/nav_expl/CogniPlan_humble/install/rl_planner/share/rl_planner/expl_model
[1.505s] copying rl_planner/expl_model/checkpoint.pth -> /media/bach/bach/nav_expl/CogniPlan_humble/install/rl_planner/share/rl_planner/expl_model
[2.073s] copying rl_planner/expl_model/config.yaml -> /media/bach/bach/nav_expl/CogniPlan_humble/install/rl_planner/share/rl_planner/expl_model
[2.075s] copying rl_planner/expl_model/download.sh -> /media/bach/bach/nav_expl/CogniPlan_humble/install/rl_planner/share/rl_planner/expl_model
[2.076s] copying rl_planner/expl_model/generator.pt -> /media/bach/bach/nav_expl/CogniPlan_humble/install/rl_planner/share/rl_planner/expl_model
[2.089s] creating /media/bach/bach/nav_expl/CogniPlan_humble/install/rl_planner/share/rl_planner/nav_model
[2.089s] copying rl_planner/nav_model/checkpoint.pth -> /media/bach/bach/nav_expl/CogniPlan_humble/install/rl_planner/share/rl_planner/nav_model
[2.757s] copying rl_planner/nav_model/config.yaml -> /media/bach/bach/nav_expl/CogniPlan_humble/install/rl_planner/share/rl_planner/nav_model
[2.760s] copying rl_planner/nav_model/generator.pt -> /media/bach/bach/nav_expl/CogniPlan_humble/install/rl_planner/share/rl_planner/nav_model
[2.775s] running install_egg_info
[2.808s] Copying ../../build/rl_planner/rl_planner.egg-info to /media/bach/bach/nav_expl/CogniPlan_humble/install/rl_planner/lib/python3.10/site-packages/rl_planner-0.0.0-py3.10.egg-info
[2.820s] running install_scripts
[2.941s] Installing expl_planner script to /media/bach/bach/nav_expl/CogniPlan_humble/install/rl_planner/lib/rl_planner
[2.941s] Installing nav_planner script to /media/bach/bach/nav_expl/CogniPlan_humble/install/rl_planner/lib/rl_planner
[2.942s] Installing rl_planner script to /media/bach/bach/nav_expl/CogniPlan_humble/install/rl_planner/lib/rl_planner
[2.943s] writing list of installed files to '/media/bach/bach/nav_expl/CogniPlan_humble/build/rl_planner/install.log'
[2.967s] Invoked command in '/media/bach/bach/nav_expl/CogniPlan_humble/src/rl_planner' returned '0': CONDA_PROMPT_MODIFIER=(ros2-torch) PYTHONPATH=/media/bach/bach/nav_expl/CogniPlan_humble/build/rl_planner/prefix_override:/home/bach/ENTER/envs/ros2-torch/lib/python3.10/site-packages/colcon_core/task/python/colcon_distutils_commands:/media/bach/bach/nav_expl/CogniPlan_humble/install/rl_planner/lib/python3.10/site-packages:${PYTHONPATH} /home/bach/ENTER/envs/ros2-torch/bin/python3.10 -W ignore:setup.py install is deprecated -W ignore:easy_install command is deprecated setup.py egg_info --egg-base ../../build/rl_planner build --build-base /media/bach/bach/nav_expl/CogniPlan_humble/build/rl_planner/build install --record /media/bach/bach/nav_expl/CogniPlan_humble/build/rl_planner/install.log --single-version-externally-managed install_data
